// Jest Snapshot v1, https://goo.gl/fbAQLP

exports[`renders correctly 1`] = `
<IframeWrapped
  className=""
  style={Object {}}
  url="sample/index.html"
>
  <div
    className=""
    style={
      Object {
        "bottom": "0",
        "left": "0",
        "position": "absolute",
        "right": "0",
        "top": "0",
      }
    }
  >
    <Iframe
      className=""
      style={Object {}}
      url="sample/index.html"
    >
      <AutoSizer
        onResize={[Function]}
      >
        <div
          style={
            Object {
              "height": 0,
              "overflow": "visible",
              "width": 0,
            }
          }
        >
          <iframe
            className=""
            height={0}
            src="sample/index.html"
            style={
              Object {
                "border": "none",
                "margin": "0",
                "padding": "0",
              }
            }
            width={0}
          >
            <p>
              Your browser does not support iframes.
            </p>
          </iframe>
        </div>
      </AutoSizer>
    </Iframe>
  </div>
</IframeWrapped>
`;
